src/app/dashboard/candidates/page.tsx(249,36): error TS1005: ',' expected.
src/app/dashboard/candidates/page.tsx(249,37): error TS1005: ',' expected.
src/app/dashboard/candidates/page.tsx(249,40): error TS1005: ',' expected.
src/app/dashboard/candidates/page.tsx(249,44): error TS1005: ',' expected.
src/app/dashboard/candidates/page.tsx(249,49): error TS1005: ',' expected.
src/app/dashboard/candidates/page.tsx(249,50): error TS1005: ',' expected.
src/app/dashboard/candidates/page.tsx(249,61): error TS1005: ',' expected.
src/app/dashboard/candidates/page.tsx(362,2): error TS1160: Unterminated template literal.
src/lib/email-templates/password-reset.tsx(95,11): error TS17002: Expected corresponding JSX closing tag for 'div'.
